<?xml version="1.0" encoding="UTF-8"?>
<testsuites name="Mocha Tests" time="0.0000" tests="1" failures="0">
  <testsuite name="Root Suite" timestamp="2023-03-13T11:50:46" tests="0" time="0.0000" failures="0">
  </testsuite>
  <testsuite name="Array" timestamp="2023-03-13T11:50:46" tests="0" file="/Users/igordossantos/Desktop/Education/Final Year/Semester 2/DevOps/CA 2/SimpleApplication/test/test.js" time="0.0000" failures="0">
  </testsuite>
  <testsuite name="#indexOf()" timestamp="2023-03-13T11:50:46" tests="1" file="/Users/igordossantos/Desktop/Education/Final Year/Semester 2/DevOps/CA 2/SimpleApplication/test/test.js" time="0.0000" failures="0">
    <testcase name="Array #indexOf() should return -1 when the value is not present" time="0.0000" classname="should return -1 when the value is not present">
    </testcase>
  </testsuite>
</testsuites>